// Jest Snapshot v1, https://goo.gl/fbAQLP

exports[`Docs Site coverpage renders and is unchanged 1`] = `
"<section class=\\"cover show\\" style=\\"background: linear-gradient(to left bottom, hsl(127, 100%, 85%) 0%,hsl(127, 100%, 85%) 100%)\\"><div class=\\"mask\\"></div><div class=\\"cover-main\\"><p><img src=\\"http://127.0.0.1:3001/_media/icon.svg\\" data-origin=\\"_media/icon.svg\\" alt=\\"logo\\"></p><h1 id=\\"docsify-4122\\"><a href=\\"#/?id=docsify-4122\\" data-id=\\"docsify-4122\\" class=\\"anchor\\"><span>docsify <small>4.12.2</small></span></a></h1><blockquote>
<p>A magical documentation site generator.</p></blockquote>
<ul><li>Simple and lightweight</li><li>No statically built html files</li><li>Multiple themes</li></ul><p><a href=\\"https://github.com/docsifyjs/docsify/\\" target=\\"_blank\\" rel=\\"noopener\\">GitHub</a>
<a href=\\"#/?id=docsify\\">Getting Started</a></p></div></section>"
`;

exports[`Docs Site navbar renders and is unchanged 1`] = `"<nav class=\\"app-nav no-badge\\"><ul><li>Translations<ul><li><a href=\\"#/\\" title=\\"undefined\\" class=\\"active\\"><img src=\\"https://github.githubassets.com/images/icons/emoji/unicode/1f1ec-1f1e7.png?v8.png\\" alt=\\"uk\\" class=\\"emoji\\" loading=\\"lazy\\"> English</a></li><li><a href=\\"#/zh-cn/\\" title=\\"undefined\\"><img src=\\"https://github.githubassets.com/images/icons/emoji/unicode/1f1e8-1f1f3.png?v8.png\\" alt=\\"cn\\" class=\\"emoji\\" loading=\\"lazy\\"> 中文</a></li><li><a href=\\"#/de-de/\\" title=\\"undefined\\"><img src=\\"https://github.githubassets.com/images/icons/emoji/unicode/1f1e9-1f1ea.png?v8.png\\" alt=\\"de\\" class=\\"emoji\\" loading=\\"lazy\\"> Deutsch</a></li><li><a href=\\"#/es/\\" title=\\"undefined\\"><img src=\\"https://github.githubassets.com/images/icons/emoji/unicode/1f1ea-1f1f8.png?v8.png\\" alt=\\"es\\" class=\\"emoji\\" loading=\\"lazy\\"> Español</a></li><li><a href=\\"#/ru-ru/\\" title=\\"undefined\\"><img src=\\"https://github.githubassets.com/images/icons/emoji/unicode/1f1f7-1f1fa.png?v8.png\\" alt=\\"ru\\" class=\\"emoji\\" loading=\\"lazy\\"> Русский</a></li></ul></li></ul></nav>"`;

exports[`Docs Site sidebar renders and is unchanged 1`] = `"<aside class=\\"sidebar\\"><div class=\\"sidebar-nav\\"><ul><li><p>Getting started</p><ul><li><a href=\\"#/quickstart\\" title=\\"undefined\\">Quick start</a></li><li><a href=\\"#/more-pages\\" title=\\"undefined\\">Writing more pages</a></li><li><a href=\\"#/custom-navbar\\" title=\\"undefined\\">Custom navbar</a></li><li><a href=\\"#/cover\\" title=\\"undefined\\">Cover page</a></li></ul></li><li><p>Customization</p><ul><li><a href=\\"#/configuration\\" title=\\"undefined\\">Configuration</a></li><li><a href=\\"#/themes\\" title=\\"undefined\\">Themes</a></li><li><a href=\\"#/plugins\\" title=\\"undefined\\">List of Plugins</a></li><li><a href=\\"#/write-a-plugin\\" title=\\"undefined\\">Write a Plugin</a></li><li><a href=\\"#/markdown\\" title=\\"undefined\\">Markdown configuration</a></li><li><a href=\\"#/language-highlight\\" title=\\"undefined\\">Language highlighting</a></li><li><a href=\\"#/emoji\\" title=\\"undefined\\">Emoji</a></li></ul></li><li><p>Guide</p><ul><li><a href=\\"#/deploy\\" title=\\"undefined\\">Deploy</a></li><li><a href=\\"#/helpers\\" title=\\"undefined\\">Helpers</a></li><li><a href=\\"#/vue\\" title=\\"undefined\\">Vue compatibility</a></li><li><a href=\\"#/cdn\\" title=\\"undefined\\">CDN</a></li><li><a href=\\"#/pwa\\" title=\\"undefined\\">Offline Mode (PWA)</a></li><li><a href=\\"#/ssr\\" title=\\"undefined\\">Server-Side Rendering (SSR)</a></li><li><a href=\\"#/embed-files\\" title=\\"undefined\\">Embed Files</a></li></ul></li><li><p><a href=\\"#/awesome\\" title=\\"undefined\\">Awesome docsify</a></p></li><li><p><a href=\\"#/changelog\\" title=\\"undefined\\">Changelog</a></p></li></ul></div></aside>"`;
